################################################################################
###           TRASH: workspace initialised                       1788680622  ###
################################################################################
[1] "Lin"
================================================================================
 03 / 13 Loading the fasta file: assembly.fa                     1788680622
################################################################################
================================================================================
 04 / 13 Calculating repeat scores for each sequence             1788680623
################################################################################
  Assembly total length:	 10 Mbp 
  Sequences count:			 1  
  Sequences names:			 chr_sim 
  Sequences lengths (bp):	 10000000 

  Fasta sequence 1: chr_sim 	Sequence full length: 10 Mbp 	Chunks to complete: 90. Finished: 1 2 3 4 5 6 7 8 9 10 11 12 13 14 15 16 17 18 19 20 21 22 23 24 25 26 27 28 29 30 31 32 33 34 35 36 37 38 39 40 41 42 43 44 45 46 47 48 49 50 51 52 53 54 55 56 57 58 59 60 61 62 63 64 65 66 67 68 69 70 71 72 73 74 75 76 77 78 79 80 81 82 83 84 85 86 87 88 89 90 
================================================================================
 05 / 13 Identifying regions with high repeat content            1788681004
################################################################################
================================================================================
 06 / 13 Identifying individual arrays with repeats              1788681004
################################################################################
  Fasta sequence 1: chr_sim 	Repetitive regions in the sequence: 5 	Chunks to complete: 1. Finished: 1 
================================================================================
 07 / 13 Shifting representative and comparing templates         1788681371
################################################################################
================================================================================
 08 / 13 Classifying remaining representative repeats            1788681386
################################################################################
================================================================================
 09 / 13 Mapping array representatives                           1788681406
################################################################################
  Fasta sequence 1: chr_sim 	Arrays in the sequence: 55 	Chunks to complete: 1. Finished: 1_ 1 2_ 2 3_ 3 4_ 4 5_ 5 6_ 6 7_ 7 8_ 8 9_ 9 10_ 10 11_ 11 12_ 12 13_ 13 14_ 14 15_ 15 16_ 16 17_ 17 18_ 18 19_ 19 20_ 20 21_ 21 22_ 22 23_ 23 24_ 24 25_ 25 26_ 26 27_ 27 28_ 28 29_ 29 30_ 30 31_ 31 32_ 32 33_ 33 34_ 34 35_ 35 36_ 36 37_ 37 38_ 38 39_ 39 40_ 40 41_ 41 42_ 42 43_ 43 44_ 44 45_ 45 46_ 46 47_ 47 48_ 48 49_ 49 50_ 50 51_ 51 52_ 52 53_ 53 54_ 54 55_ 55 
 11 / 13 Summarising array information                           1788681460
################################################################################
================================================================================
 12 / 13 Saving the array table                                  1788681461
################################################################################
================================================================================
 13 / 13 Saving the repeats table                                1788681461
################################################################################
================================================================================
[1] "TRASH exiting correctly"
[1] "Time elapsed: 0 00:14:04"
