################################################################################
###           TRASH: workspace initialised                       1788679840  ###
################################################################################
[1] "Lin"
================================================================================
 03 / 13 Loading the fasta file: assembly.fa                     1788679840
################################################################################
================================================================================
 04 / 13 Calculating repeat scores for each sequence             1788679840
################################################################################
  Assembly total length:	 0.1 Mbp 
  Sequences count:			 1  
  Sequences names:			 CP068268_39050443_39150442 
  Sequences lengths (bp):	 100000 

  Fasta sequence 1: CP068268_39050443_39150442 	Sequence full length: 0.1 Mbp 	Chunks to complete: 1. Finished: 1 
================================================================================
 05 / 13 Identifying regions with high repeat content            1788679844
################################################################################
================================================================================
 06 / 13 Identifying individual arrays with repeats              1788679844
################################################################################
  Fasta sequence 1: CP068268_39050443_39150442 	Repetitive regions in the sequence: 5 	Chunks to complete: 1. Finished: 1 
================================================================================
 07 / 13 Shifting representative and comparing templates         1788679857
################################################################################
================================================================================
 08 / 13 Classifying remaining representative repeats            1788679859
################################################################################
================================================================================
 09 / 13 Mapping array representatives                           1788679860
################################################################################
  Fasta sequence 1: CP068268_39050443_39150442 	Arrays in the sequence: 7 	Chunks to complete: 1. Finished: 1_ 1 2_ 2 3_ 3 4_ 4 5_ 5 6_ 6 7_ 7 
 11 / 13 Summarising array information                           1788679867
################################################################################
================================================================================
 12 / 13 Saving the array table                                  1788679867
################################################################################
================================================================================
 13 / 13 Saving the repeats table                                1788679867
################################################################################
================================================================================
[1] "TRASH exiting correctly"
[1] "Time elapsed: 0 00:00:29"
