clean_60_s1201 tandemx rep1 status=ok time=1.082s array_recall=1.0
clean_60_s1201 tidehunter rep1 status=ok time=0.221s array_recall=1.0
clean_60_s1201 tidehunter rep2 status=ok time=0.245s array_recall=1.0
clean_60_s1201 tandemx rep2 status=ok time=0.604s array_recall=1.0
clean_60_s1201 tandemx rep3 status=ok time=0.602s array_recall=1.0
clean_60_s1201 tidehunter rep3 status=ok time=0.219s array_recall=1.0
clean_171_s1201 tandemx rep1 status=ok time=1.130s array_recall=1.0
clean_171_s1201 tidehunter rep1 status=ok time=0.303s array_recall=1.0
clean_171_s1201 tidehunter rep2 status=ok time=0.272s array_recall=1.0
clean_171_s1201 tandemx rep2 status=ok time=1.110s array_recall=1.0
clean_171_s1201 tandemx rep3 status=ok time=1.115s array_recall=1.0
clean_171_s1201 tidehunter rep3 status=ok time=0.295s array_recall=1.0
clean_421_s1201 tandemx rep1 status=ok time=0.544s array_recall=1.0
clean_421_s1201 tidehunter rep1 status=ok time=0.489s array_recall=1.0
clean_421_s1201 tidehunter rep2 status=ok time=0.474s array_recall=1.0
clean_421_s1201 tandemx rep2 status=ok time=0.557s array_recall=1.0
clean_421_s1201 tandemx rep3 status=ok time=0.559s array_recall=1.0
clean_421_s1201 tidehunter rep3 status=ok time=0.485s array_recall=1.0
clean_729_s1201 tandemx rep1 status=ok time=0.674s array_recall=1.0
clean_729_s1201 tidehunter rep1 status=ok time=0.706s array_recall=1.0
clean_729_s1201 tidehunter rep2 status=ok time=0.706s array_recall=1.0
clean_729_s1201 tandemx rep2 status=ok time=0.698s array_recall=1.0
clean_729_s1201 tandemx rep3 status=ok time=0.690s array_recall=1.0
clean_729_s1201 tidehunter rep3 status=ok time=0.733s array_recall=1.0
substitution_1pct_s1201 tandemx rep1 status=ok time=1.180s array_recall=1.0
substitution_1pct_s1201 tidehunter rep1 status=ok time=0.299s array_recall=1.0
substitution_1pct_s1201 tidehunter rep2 status=ok time=0.297s array_recall=1.0
substitution_1pct_s1201 tandemx rep2 status=ok time=1.148s array_recall=1.0
substitution_1pct_s1201 tandemx rep3 status=ok time=1.172s array_recall=1.0
substitution_1pct_s1201 tidehunter rep3 status=ok time=0.295s array_recall=1.0
substitution_5pct_s1201 tandemx rep1 status=ok time=1.275s array_recall=1.0
substitution_5pct_s1201 tidehunter rep1 status=ok time=0.317s array_recall=1.0
substitution_5pct_s1201 tidehunter rep2 status=ok time=0.323s array_recall=1.0
substitution_5pct_s1201 tandemx rep2 status=ok time=1.277s array_recall=1.0
substitution_5pct_s1201 tandemx rep3 status=ok time=1.264s array_recall=1.0
substitution_5pct_s1201 tidehunter rep3 status=ok time=0.320s array_recall=1.0
indel_01pct_s1201 tandemx rep1 status=ok time=1.119s array_recall=1.0
indel_01pct_s1201 tidehunter rep1 status=ok time=0.292s array_recall=1.0
indel_01pct_s1201 tidehunter rep2 status=ok time=0.290s array_recall=1.0
indel_01pct_s1201 tandemx rep2 status=ok time=1.134s array_recall=1.0
indel_01pct_s1201 tandemx rep3 status=ok time=1.140s array_recall=1.0
indel_01pct_s1201 tidehunter rep3 status=ok time=0.296s array_recall=1.0
indel_1pct_s1201 tandemx rep1 status=ok time=1.205s array_recall=1.0
indel_1pct_s1201 tidehunter rep1 status=ok time=0.309s array_recall=1.0
indel_1pct_s1201 tidehunter rep2 status=ok time=0.293s array_recall=1.0
indel_1pct_s1201 tandemx rep2 status=ok time=1.174s array_recall=1.0
indel_1pct_s1201 tandemx rep3 status=ok time=1.152s array_recall=1.0
indel_1pct_s1201 tidehunter rep3 status=ok time=0.295s array_recall=1.0
indel_4pct_s1201 tandemx rep1 status=ok time=1.076s array_recall=1.0
indel_4pct_s1201 tidehunter rep1 status=ok time=0.291s array_recall=1.0
indel_4pct_s1201 tidehunter rep2 status=ok time=0.297s array_recall=1.0
indel_4pct_s1201 tandemx rep2 status=ok time=1.104s array_recall=1.0
indel_4pct_s1201 tandemx rep3 status=ok time=1.087s array_recall=1.0
indel_4pct_s1201 tidehunter rep3 status=ok time=0.287s array_recall=1.0
divergent_units_s1201 tandemx rep1 status=ok time=1.318s array_recall=1.0
divergent_units_s1201 tidehunter rep1 status=ok time=0.373s array_recall=0.9285714285714286
divergent_units_s1201 tidehunter rep2 status=ok time=0.351s array_recall=0.9285714285714286
divergent_units_s1201 tandemx rep2 status=ok time=1.280s array_recall=1.0
divergent_units_s1201 tandemx rep3 status=ok time=1.288s array_recall=1.0
divergent_units_s1201 tidehunter rep3 status=ok time=0.371s array_recall=0.9285714285714286
related_families_s1201 tandemx rep1 status=ok time=1.107s array_recall=1.0
related_families_s1201 tidehunter rep1 status=ok time=0.319s array_recall=1.0
related_families_s1201 tidehunter rep2 status=ok time=0.292s array_recall=1.0
related_families_s1201 tandemx rep2 status=ok time=1.111s array_recall=1.0
related_families_s1201 tandemx rep3 status=ok time=1.137s array_recall=1.0
related_families_s1201 tidehunter rep3 status=ok time=0.322s array_recall=1.0
short_arrays_s1201 tandemx rep1 status=ok time=0.510s array_recall=1.0
short_arrays_s1201 tidehunter rep1 status=ok time=0.149s array_recall=1.0
short_arrays_s1201 tidehunter rep2 status=ok time=0.144s array_recall=1.0
short_arrays_s1201 tandemx rep2 status=ok time=0.503s array_recall=1.0
short_arrays_s1201 tandemx rep3 status=ok time=0.505s array_recall=1.0
short_arrays_s1201 tidehunter rep3 status=ok time=0.149s array_recall=1.0
two_arrays_s1201 tandemx rep1 status=ok time=1.235s array_recall=1.0
two_arrays_s1201 tidehunter rep1 status=ok time=0.413s array_recall=1.0
two_arrays_s1201 tidehunter rep2 status=ok time=0.418s array_recall=1.0
two_arrays_s1201 tandemx rep2 status=ok time=1.248s array_recall=1.0
two_arrays_s1201 tandemx rep3 status=ok time=1.242s array_recall=1.0
two_arrays_s1201 tidehunter rep3 status=ok time=0.410s array_recall=1.0
dispersed_control_s1201 tandemx rep1 status=ok time=0.872s array_recall=nan
dispersed_control_s1201 tidehunter rep1 status=ok time=0.671s array_recall=nan
dispersed_control_s1201 tidehunter rep2 status=ok time=0.684s array_recall=nan
dispersed_control_s1201 tandemx rep2 status=ok time=0.863s array_recall=nan
dispersed_control_s1201 tandemx rep3 status=ok time=0.829s array_recall=nan
dispersed_control_s1201 tidehunter rep3 status=ok time=0.687s array_recall=nan
at_rich_control_s1201 tandemx rep1 status=ok time=1.192s array_recall=nan
at_rich_control_s1201 tidehunter rep1 status=ok time=0.638s array_recall=nan
at_rich_control_s1201 tidehunter rep2 status=ok time=0.591s array_recall=nan
at_rich_control_s1201 tandemx rep2 status=ok time=1.168s array_recall=nan
at_rich_control_s1201 tandemx rep3 status=ok time=1.152s array_recall=nan
at_rich_control_s1201 tidehunter rep3 status=ok time=0.579s array_recall=nan
low_complexity_control_s1201 tandemx rep1 status=ok time=0.149s array_recall=nan
low_complexity_control_s1201 tidehunter rep1 status=ok time=0.546s array_recall=nan
low_complexity_control_s1201 tidehunter rep2 status=ok time=0.516s array_recall=nan
low_complexity_control_s1201 tandemx rep2 status=ok time=0.147s array_recall=nan
low_complexity_control_s1201 tandemx rep3 status=ok time=0.145s array_recall=nan
low_complexity_control_s1201 tidehunter rep3 status=ok time=0.520s array_recall=nan
