clean_60_s1201 tandemx rep1 status=ok time=0.799s array_recall=1.0
clean_60_s1201 tidehunter rep1 status=ok time=0.225s array_recall=1.0
clean_60_s1201 tidehunter rep2 status=ok time=0.223s array_recall=1.0
clean_60_s1201 tandemx rep2 status=ok time=0.349s array_recall=1.0
clean_60_s1201 tandemx rep3 status=ok time=0.353s array_recall=1.0
clean_60_s1201 tidehunter rep3 status=ok time=0.223s array_recall=1.0
clean_171_s1201 tandemx rep1 status=ok time=0.428s array_recall=1.0
clean_171_s1201 tidehunter rep1 status=ok time=0.278s array_recall=1.0
clean_171_s1201 tidehunter rep2 status=ok time=0.278s array_recall=1.0
clean_171_s1201 tandemx rep2 status=ok time=0.446s array_recall=1.0
clean_171_s1201 tandemx rep3 status=ok time=0.452s array_recall=1.0
clean_171_s1201 tidehunter rep3 status=ok time=0.274s array_recall=1.0
clean_421_s1201 tandemx rep1 status=ok time=0.550s array_recall=1.0
clean_421_s1201 tidehunter rep1 status=ok time=0.466s array_recall=1.0
clean_421_s1201 tidehunter rep2 status=ok time=0.472s array_recall=1.0
clean_421_s1201 tandemx rep2 status=ok time=0.548s array_recall=1.0
clean_421_s1201 tandemx rep3 status=ok time=0.546s array_recall=1.0
clean_421_s1201 tidehunter rep3 status=ok time=0.482s array_recall=1.0
clean_729_s1201 tandemx rep1 status=ok time=0.676s array_recall=1.0
clean_729_s1201 tidehunter rep1 status=ok time=0.689s array_recall=1.0
clean_729_s1201 tidehunter rep2 status=ok time=0.688s array_recall=1.0
clean_729_s1201 tandemx rep2 status=ok time=0.670s array_recall=1.0
clean_729_s1201 tandemx rep3 status=ok time=0.659s array_recall=1.0
clean_729_s1201 tidehunter rep3 status=ok time=0.695s array_recall=1.0
substitution_1pct_s1201 tandemx rep1 status=ok time=0.456s array_recall=1.0
substitution_1pct_s1201 tidehunter rep1 status=ok time=0.301s array_recall=1.0
substitution_1pct_s1201 tidehunter rep2 status=ok time=0.294s array_recall=1.0
substitution_1pct_s1201 tandemx rep2 status=ok time=0.465s array_recall=1.0
substitution_1pct_s1201 tandemx rep3 status=ok time=0.439s array_recall=1.0
substitution_1pct_s1201 tidehunter rep3 status=ok time=0.293s array_recall=1.0
substitution_5pct_s1201 tandemx rep1 status=ok time=1.261s array_recall=1.0
substitution_5pct_s1201 tidehunter rep1 status=ok time=0.323s array_recall=1.0
substitution_5pct_s1201 tidehunter rep2 status=ok time=0.323s array_recall=1.0
substitution_5pct_s1201 tandemx rep2 status=ok time=1.270s array_recall=1.0
substitution_5pct_s1201 tandemx rep3 status=ok time=1.307s array_recall=1.0
substitution_5pct_s1201 tidehunter rep3 status=ok time=0.320s array_recall=1.0
indel_01pct_s1201 tandemx rep1 status=ok time=1.002s array_recall=1.0
indel_01pct_s1201 tidehunter rep1 status=ok time=0.295s array_recall=1.0
indel_01pct_s1201 tidehunter rep2 status=ok time=0.294s array_recall=1.0
indel_01pct_s1201 tandemx rep2 status=ok time=1.002s array_recall=1.0
indel_01pct_s1201 tandemx rep3 status=ok time=0.997s array_recall=1.0
indel_01pct_s1201 tidehunter rep3 status=ok time=0.276s array_recall=1.0
indel_1pct_s1201 tandemx rep1 status=ok time=1.159s array_recall=1.0
indel_1pct_s1201 tidehunter rep1 status=ok time=0.290s array_recall=1.0
indel_1pct_s1201 tidehunter rep2 status=ok time=0.288s array_recall=1.0
indel_1pct_s1201 tandemx rep2 status=ok time=1.148s array_recall=1.0
indel_1pct_s1201 tandemx rep3 status=ok time=1.152s array_recall=1.0
indel_1pct_s1201 tidehunter rep3 status=ok time=0.293s array_recall=1.0
indel_4pct_s1201 tandemx rep1 status=ok time=1.114s array_recall=1.0
indel_4pct_s1201 tidehunter rep1 status=ok time=0.269s array_recall=1.0
indel_4pct_s1201 tidehunter rep2 status=ok time=0.295s array_recall=1.0
indel_4pct_s1201 tandemx rep2 status=ok time=1.096s array_recall=1.0
indel_4pct_s1201 tandemx rep3 status=ok time=1.115s array_recall=1.0
indel_4pct_s1201 tidehunter rep3 status=ok time=0.288s array_recall=1.0
divergent_units_s1201 tandemx rep1 status=ok time=1.302s array_recall=1.0
divergent_units_s1201 tidehunter rep1 status=ok time=0.362s array_recall=0.9285714285714286
divergent_units_s1201 tidehunter rep2 status=ok time=0.356s array_recall=0.9285714285714286
divergent_units_s1201 tandemx rep2 status=ok time=1.309s array_recall=1.0
divergent_units_s1201 tandemx rep3 status=ok time=1.289s array_recall=1.0
divergent_units_s1201 tidehunter rep3 status=ok time=0.356s array_recall=0.9285714285714286
related_families_s1201 tandemx rep1 status=ok time=0.451s array_recall=1.0
related_families_s1201 tidehunter rep1 status=ok time=0.304s array_recall=1.0
related_families_s1201 tidehunter rep2 status=ok time=0.296s array_recall=1.0
related_families_s1201 tandemx rep2 status=ok time=0.441s array_recall=1.0
related_families_s1201 tandemx rep3 status=ok time=0.443s array_recall=1.0
related_families_s1201 tidehunter rep3 status=ok time=0.290s array_recall=1.0
short_arrays_s1201 tandemx rep1 status=ok time=0.494s array_recall=1.0
short_arrays_s1201 tidehunter rep1 status=ok time=0.150s array_recall=1.0
short_arrays_s1201 tidehunter rep2 status=ok time=0.140s array_recall=1.0
short_arrays_s1201 tandemx rep2 status=ok time=0.503s array_recall=1.0
short_arrays_s1201 tandemx rep3 status=ok time=0.503s array_recall=1.0
short_arrays_s1201 tidehunter rep3 status=ok time=0.145s array_recall=1.0
two_arrays_s1201 tandemx rep1 status=ok time=1.239s array_recall=1.0
two_arrays_s1201 tidehunter rep1 status=ok time=0.373s array_recall=1.0
two_arrays_s1201 tidehunter rep2 status=ok time=0.394s array_recall=1.0
two_arrays_s1201 tandemx rep2 status=ok time=1.233s array_recall=1.0
two_arrays_s1201 tandemx rep3 status=ok time=1.230s array_recall=1.0
two_arrays_s1201 tidehunter rep3 status=ok time=0.411s array_recall=1.0
dispersed_control_s1201 tandemx rep1 status=ok time=0.834s array_recall=nan
dispersed_control_s1201 tidehunter rep1 status=ok time=0.660s array_recall=nan
dispersed_control_s1201 tidehunter rep2 status=ok time=0.667s array_recall=nan
dispersed_control_s1201 tandemx rep2 status=ok time=0.847s array_recall=nan
dispersed_control_s1201 tandemx rep3 status=ok time=0.865s array_recall=nan
dispersed_control_s1201 tidehunter rep3 status=ok time=0.683s array_recall=nan
at_rich_control_s1201 tandemx rep1 status=ok time=1.161s array_recall=nan
at_rich_control_s1201 tidehunter rep1 status=ok time=0.591s array_recall=nan
at_rich_control_s1201 tidehunter rep2 status=ok time=0.594s array_recall=nan
at_rich_control_s1201 tandemx rep2 status=ok time=1.151s array_recall=nan
at_rich_control_s1201 tandemx rep3 status=ok time=1.145s array_recall=nan
at_rich_control_s1201 tidehunter rep3 status=ok time=0.570s array_recall=nan
low_complexity_control_s1201 tandemx rep1 status=ok time=0.139s array_recall=nan
low_complexity_control_s1201 tidehunter rep1 status=ok time=0.511s array_recall=nan
low_complexity_control_s1201 tidehunter rep2 status=ok time=0.532s array_recall=nan
low_complexity_control_s1201 tandemx rep2 status=ok time=0.152s array_recall=nan
low_complexity_control_s1201 tandemx rep3 status=ok time=0.146s array_recall=nan
low_complexity_control_s1201 tidehunter rep3 status=ok time=0.512s array_recall=nan
