clean_60_s1201 tandemx rep1 status=ok time=0.675s array_recall=1.0
clean_60_s1201 tidehunter rep1 status=ok time=0.216s array_recall=1.0
clean_60_s1201 tidehunter rep2 status=ok time=0.212s array_recall=1.0
clean_60_s1201 tandemx rep2 status=ok time=0.421s array_recall=1.0
clean_60_s1201 tandemx rep3 status=ok time=0.404s array_recall=1.0
clean_60_s1201 tidehunter rep3 status=ok time=0.218s array_recall=1.0
clean_171_s1201 tandemx rep1 status=ok time=0.463s array_recall=1.0
clean_171_s1201 tidehunter rep1 status=ok time=0.287s array_recall=1.0
clean_171_s1201 tidehunter rep2 status=ok time=0.284s array_recall=1.0
clean_171_s1201 tandemx rep2 status=ok time=0.449s array_recall=1.0
clean_171_s1201 tandemx rep3 status=ok time=0.450s array_recall=1.0
clean_171_s1201 tidehunter rep3 status=ok time=0.274s array_recall=1.0
clean_421_s1201 tandemx rep1 status=ok time=0.553s array_recall=1.0
clean_421_s1201 tidehunter rep1 status=ok time=0.499s array_recall=1.0
clean_421_s1201 tidehunter rep2 status=ok time=0.465s array_recall=1.0
clean_421_s1201 tandemx rep2 status=ok time=0.564s array_recall=1.0
clean_421_s1201 tandemx rep3 status=ok time=0.545s array_recall=1.0
clean_421_s1201 tidehunter rep3 status=ok time=0.456s array_recall=1.0
clean_729_s1201 tandemx rep1 status=ok time=0.663s array_recall=1.0
clean_729_s1201 tidehunter rep1 status=ok time=0.691s array_recall=1.0
clean_729_s1201 tidehunter rep2 status=ok time=0.708s array_recall=1.0
clean_729_s1201 tandemx rep2 status=ok time=0.674s array_recall=1.0
clean_729_s1201 tandemx rep3 status=ok time=0.660s array_recall=1.0
clean_729_s1201 tidehunter rep3 status=ok time=0.720s array_recall=1.0
substitution_1pct_s1201 tandemx rep1 status=ok time=0.511s array_recall=1.0
substitution_1pct_s1201 tidehunter rep1 status=ok time=0.290s array_recall=1.0
substitution_1pct_s1201 tidehunter rep2 status=ok time=0.305s array_recall=1.0
substitution_1pct_s1201 tandemx rep2 status=ok time=0.509s array_recall=1.0
substitution_1pct_s1201 tandemx rep3 status=ok time=0.504s array_recall=1.0
substitution_1pct_s1201 tidehunter rep3 status=ok time=0.286s array_recall=1.0
substitution_5pct_s1201 tandemx rep1 status=ok time=1.301s array_recall=1.0
substitution_5pct_s1201 tidehunter rep1 status=ok time=0.334s array_recall=1.0
substitution_5pct_s1201 tidehunter rep2 status=ok time=0.314s array_recall=1.0
substitution_5pct_s1201 tandemx rep2 status=ok time=1.290s array_recall=1.0
substitution_5pct_s1201 tandemx rep3 status=ok time=1.293s array_recall=1.0
substitution_5pct_s1201 tidehunter rep3 status=ok time=0.305s array_recall=1.0
indel_01pct_s1201 tandemx rep1 status=ok time=1.085s array_recall=1.0
indel_01pct_s1201 tidehunter rep1 status=ok time=0.299s array_recall=1.0
indel_01pct_s1201 tidehunter rep2 status=ok time=0.276s array_recall=1.0
indel_01pct_s1201 tandemx rep2 status=ok time=1.096s array_recall=1.0
indel_01pct_s1201 tandemx rep3 status=ok time=1.090s array_recall=1.0
indel_01pct_s1201 tidehunter rep3 status=ok time=0.287s array_recall=1.0
indel_1pct_s1201 tandemx rep1 status=ok time=1.145s array_recall=1.0
indel_1pct_s1201 tidehunter rep1 status=ok time=0.293s array_recall=1.0
indel_1pct_s1201 tidehunter rep2 status=ok time=0.296s array_recall=1.0
indel_1pct_s1201 tandemx rep2 status=ok time=1.151s array_recall=1.0
indel_1pct_s1201 tandemx rep3 status=ok time=1.156s array_recall=1.0
indel_1pct_s1201 tidehunter rep3 status=ok time=0.309s array_recall=1.0
indel_4pct_s1201 tandemx rep1 status=ok time=1.093s array_recall=1.0
indel_4pct_s1201 tidehunter rep1 status=ok time=0.288s array_recall=1.0
indel_4pct_s1201 tidehunter rep2 status=ok time=0.299s array_recall=1.0
indel_4pct_s1201 tandemx rep2 status=ok time=1.096s array_recall=1.0
indel_4pct_s1201 tandemx rep3 status=ok time=1.089s array_recall=1.0
indel_4pct_s1201 tidehunter rep3 status=ok time=0.290s array_recall=1.0
divergent_units_s1201 tandemx rep1 status=ok time=1.307s array_recall=1.0
divergent_units_s1201 tidehunter rep1 status=ok time=0.353s array_recall=0.9285714285714286
divergent_units_s1201 tidehunter rep2 status=ok time=0.390s array_recall=0.9285714285714286
divergent_units_s1201 tandemx rep2 status=ok time=1.290s array_recall=1.0
divergent_units_s1201 tandemx rep3 status=ok time=1.282s array_recall=1.0
divergent_units_s1201 tidehunter rep3 status=ok time=0.358s array_recall=0.9285714285714286
related_families_s1201 tandemx rep1 status=ok time=0.459s array_recall=1.0
related_families_s1201 tidehunter rep1 status=ok time=0.287s array_recall=1.0
related_families_s1201 tidehunter rep2 status=ok time=0.278s array_recall=1.0
related_families_s1201 tandemx rep2 status=ok time=0.448s array_recall=1.0
related_families_s1201 tandemx rep3 status=ok time=0.452s array_recall=1.0
related_families_s1201 tidehunter rep3 status=ok time=0.273s array_recall=1.0
short_arrays_s1201 tandemx rep1 status=ok time=0.496s array_recall=1.0
short_arrays_s1201 tidehunter rep1 status=ok time=0.149s array_recall=1.0
short_arrays_s1201 tidehunter rep2 status=ok time=0.138s array_recall=1.0
short_arrays_s1201 tandemx rep2 status=ok time=0.504s array_recall=1.0
short_arrays_s1201 tandemx rep3 status=ok time=0.478s array_recall=1.0
short_arrays_s1201 tidehunter rep3 status=ok time=0.140s array_recall=1.0
two_arrays_s1201 tandemx rep1 status=ok time=1.238s array_recall=1.0
two_arrays_s1201 tidehunter rep1 status=ok time=0.381s array_recall=1.0
two_arrays_s1201 tidehunter rep2 status=ok time=0.395s array_recall=1.0
two_arrays_s1201 tandemx rep2 status=ok time=1.214s array_recall=1.0
two_arrays_s1201 tandemx rep3 status=ok time=1.229s array_recall=1.0
two_arrays_s1201 tidehunter rep3 status=ok time=0.380s array_recall=1.0
dispersed_control_s1201 tandemx rep1 status=ok time=0.839s array_recall=nan
dispersed_control_s1201 tidehunter rep1 status=ok time=0.670s array_recall=nan
dispersed_control_s1201 tidehunter rep2 status=ok time=0.675s array_recall=nan
dispersed_control_s1201 tandemx rep2 status=ok time=0.864s array_recall=nan
dispersed_control_s1201 tandemx rep3 status=ok time=0.868s array_recall=nan
dispersed_control_s1201 tidehunter rep3 status=ok time=0.676s array_recall=nan
at_rich_control_s1201 tandemx rep1 status=ok time=1.134s array_recall=nan
at_rich_control_s1201 tidehunter rep1 status=ok time=0.576s array_recall=nan
at_rich_control_s1201 tidehunter rep2 status=ok time=0.587s array_recall=nan
at_rich_control_s1201 tandemx rep2 status=ok time=1.162s array_recall=nan
at_rich_control_s1201 tandemx rep3 status=ok time=1.180s array_recall=nan
at_rich_control_s1201 tidehunter rep3 status=ok time=0.583s array_recall=nan
low_complexity_control_s1201 tandemx rep1 status=ok time=0.138s array_recall=nan
low_complexity_control_s1201 tidehunter rep1 status=ok time=0.574s array_recall=nan
low_complexity_control_s1201 tidehunter rep2 status=ok time=0.599s array_recall=nan
low_complexity_control_s1201 tandemx rep2 status=ok time=0.153s array_recall=nan
low_complexity_control_s1201 tandemx rep3 status=ok time=0.146s array_recall=nan
low_complexity_control_s1201 tidehunter rep3 status=ok time=0.508s array_recall=nan
