clean_60_s1101 tandemx rep1 status=ok time=0.855s array_recall=1.0
clean_60_s1101 tandemx rep2 status=ok time=0.544s array_recall=1.0
clean_60_s1101 tandemx rep3 status=ok time=0.512s array_recall=1.0
clean_729_s1101 tandemx rep1 status=ok time=0.602s array_recall=1.0
clean_729_s1101 tandemx rep2 status=ok time=0.627s array_recall=1.0
clean_729_s1101 tandemx rep3 status=ok time=0.628s array_recall=1.0
substitution_1pct_s1101 tandemx rep1 status=ok time=1.007s array_recall=1.0
substitution_1pct_s1101 tandemx rep2 status=ok time=1.027s array_recall=1.0
substitution_1pct_s1101 tandemx rep3 status=ok time=0.989s array_recall=1.0
substitution_5pct_s1101 tandemx rep1 status=ok time=1.093s array_recall=1.0
substitution_5pct_s1101 tandemx rep2 status=ok time=1.080s array_recall=1.0
substitution_5pct_s1101 tandemx rep3 status=ok time=1.101s array_recall=1.0
indel_01pct_s1101 tandemx rep1 status=ok time=0.984s array_recall=1.0
indel_01pct_s1101 tandemx rep2 status=ok time=0.958s array_recall=1.0
indel_01pct_s1101 tandemx rep3 status=ok time=0.970s array_recall=1.0
indel_4pct_s1101 tandemx rep1 status=ok time=0.963s array_recall=1.0
indel_4pct_s1101 tandemx rep2 status=ok time=0.965s array_recall=1.0
indel_4pct_s1101 tandemx rep3 status=ok time=0.949s array_recall=1.0
divergent_units_s1101 tandemx rep1 status=ok time=1.097s array_recall=1.0
divergent_units_s1101 tandemx rep2 status=ok time=1.119s array_recall=1.0
divergent_units_s1101 tandemx rep3 status=ok time=1.115s array_recall=1.0
short_arrays_s1101 tandemx rep1 status=ok time=0.477s array_recall=1.0
short_arrays_s1101 tandemx rep2 status=ok time=0.456s array_recall=1.0
short_arrays_s1101 tandemx rep3 status=ok time=0.480s array_recall=1.0
two_arrays_s1101 tandemx rep1 status=ok time=1.116s array_recall=1.0
two_arrays_s1101 tandemx rep2 status=ok time=1.061s array_recall=1.0
two_arrays_s1101 tandemx rep3 status=ok time=1.067s array_recall=1.0
dispersed_control_s1101 tandemx rep1 status=ok time=0.782s array_recall=nan
dispersed_control_s1101 tandemx rep2 status=ok time=0.798s array_recall=nan
dispersed_control_s1101 tandemx rep3 status=ok time=0.783s array_recall=nan
