
Tandem Repeats Finder, Version 4.09
Copyright (C) Dr. Gary Benson 1999-2012. All rights reserved.

Loading sequence...
Allocating Memory...
Initializing data structures...
Computing TR Model Statistics...
Scanning...
Freeing Memory...
Resolving output...
Done.
Tandem Repeats Finder, Version 4.09
Copyright (C) Dr. Gary Benson 1999-2012. All rights reserved.

Loading sequence...
Allocating Memory...
Initializing data structures...
Computing TR Model Statistics...
Scanning Sequence 1...
Freeing Memory...
Resolving output...
Done.
Loading sequence file...
Allocating Memory...
Initializing data structures...
Computing TR Model Statistics...
Scanning Sequence 2...
Freeing Memory...
Resolving output...
Done.
Loading sequence file...
Allocating Memory...
Initializing data structures...
Computing TR Model Statistics...
Scanning Sequence 3...
Freeing Memory...
Resolving output...
Done.
Loading sequence file...
Allocating Memory...
Initializing data structures...
Computing TR Model Statistics...
Scanning Sequence 4...
Freeing Memory...
Resolving output...
Done.
Loading sequence file...
Allocating Memory...
Initializing data structures...
Computing TR Model Statistics...
Scanning Sequence 5...
Freeing Memory...
Resolving output...
Done.
Loading sequence file...
Allocating Memory...
Initializing data structures...
Computing TR Model Statistics...
Scanning Sequence 6...
Freeing Memory...
Resolving output...
Done.
Loading sequence file...
Allocating Memory...
Initializing data structures...
Computing TR Model Statistics...
Scanning Sequence 7...
Freeing Memory...
Resolving output...
Done.
Loading sequence file...
Allocating Memory...
Initializing data structures...
Computing TR Model Statistics...
Scanning Sequence 8...
Freeing Memory...
Resolving output...
Done.
Loading sequence file...
Allocating Memory...
Initializing data structures...
Computing TR Model Statistics...
Scanning Sequence 9...
Freeing Memory...
Resolving output...
Done.
Loading sequence file...
Allocating Memory...
Initializing data structures...
Computing TR Model Statistics...
Scanning Sequence 10...
Freeing Memory...
Resolving output...
Done.
Loading sequence file...
Allocating Memory...
Initializing data structures...
Computing TR Model Statistics...
Scanning Sequence 11...
Freeing Memory...
Resolving output...
Done.cat: 'round2/*.txt.html': No such file or directory

Tandem Repeats Finder, Version 4.09
Copyright (C) Dr. Gary Benson 1999-2012. All rights reserved.

Loading sequence...
Error: Error while loading sequencemv: cannot stat '*.html': No such file or directory
cat: 'unit_round2/*.txt.html': No such file or directory
mv: cannot stat 'unitfinder_smoke.loci-*': No such file or directory
