Config file config/config.yaml is extended by additional config specified via the command line.
Assuming unrestricted shared filesystem usage.
Building DAG of jobs...
Using shell: /bin/bash
Provided cores: 1 (use --cores to define parallelism)
Rules claiming more threads will be scaled down.
Job stats:
job                count
---------------  -------
HORdet                 1
all                    1
concatenateMons        1
concatenateWind        1
extractCons            1
extractMon             1
mon2bed                1
periodicity            1
selectWind             1
stringDec              1
uniqueMons             1
total                 11

Select jobs to execute...
Execute 1 jobs...

[Thu Sep 17 10:01:23 2026]
localrule periodicity:
    input: fasta/control.chr1.fasta
    output: results/wind_summary/control.chr1.txt, results/wind2analize/control.chr1.windows.bed
    jobid: 9
    reason: Missing output files: results/wind2analize/control.chr1.windows.bed
    wildcards: PREFIX=control, CHR=1
    resources: tmpdir=/private/tmp

[Thu Sep 17 10:01:34 2026]
Finished job 9.
1 of 11 steps (9%) done
Select jobs to execute...
Execute 1 jobs...

[Thu Sep 17 10:01:34 2026]
localrule concatenateWind:
    input: results/wind2analize/control.chr1.windows.bed
    output: results/wind2analize/control.FULLchr.windows.bed
    jobid: 8
    reason: Missing output files: results/wind2analize/control.FULLchr.windows.bed; Input files updated by another job: results/wind2analize/control.chr1.windows.bed
    wildcards: PREFIX=control
    resources: tmpdir=/private/tmp

[Thu Sep 17 10:01:34 2026]
Finished job 8.
2 of 11 steps (18%) done
Select jobs to execute...
Execute 1 jobs...

[Thu Sep 17 10:01:34 2026]
localrule selectWind:
    input: results/wind2analize/control.FULLchr.windows.bed
    output: results/wind2analize/control.FULLchr.windows.filtered.bed
    jobid: 7
    reason: Missing output files: results/wind2analize/control.FULLchr.windows.filtered.bed; Input files updated by another job: results/wind2analize/control.FULLchr.windows.bed
    wildcards: PREFIX=control
    resources: tmpdir=/private/tmp

cp: results/wind2analize/filtering/control/*_main.bed: No such file or directory
[Thu Sep 17 10:01:34 2026]
Error in rule selectWind:
    jobid: 7
    input: results/wind2analize/control.FULLchr.windows.bed
    output: results/wind2analize/control.FULLchr.windows.filtered.bed
    shell:
        
		python /private/tmp/tandemx_cendetecthor_20260916/pipeline/scripts/windowsFiltering.py --bed results/wind2analize/control.FULLchr.windows.bed --out results/wind2analize/filtering/control/  --mon-len 171
		cp results/wind2analize/filtering/control/*_main.bed results/wind2analize/control.FULLchr.windows.filtered.bed
		
        (one of the commands exited with non-zero exit code; note that snakemake uses bash strict mode!)

Shutting down, this might take some time.
Exiting because a job execution failed. Look above for error message
Complete log: .snakemake/log/2026-09-17T100123.538301.snakemake.log
WorkflowError:
At least one job did not complete successfully.
