----------------------------
Maximum repeat period: 1000
Number of model states: 20870
Total sequence window size: 7000
DP matrix cells: 146090000
Threads: 1
Sequence window queue length: 1
Total size: 0.54 GB (584367000 bytes)
----------------------------
*Actual memory usage will be slightly greater due to output repeat queue and repeat split matrices
============================
Performing parameter search...
Coverage, False Discovery Rate, Parameters
(1/18): 0.29250, 0.00000, -m 0.600000 --at 0.400000 --rn 0.001000 --nr 0.005000
(2/18): 0.32162, 0.09776, -m 0.600000 --at 0.400000 --rn 0.010000 --nr 0.050000
(3/18): 0.29174, 0.00219, -m 0.600000 --at 0.500000 --rn 0.001000 --nr 0.005000
(4/18): 0.29494, 0.03221, -m 0.600000 --at 0.500000 --rn 0.010000 --nr 0.050000
(5/18): 0.29200, 0.00000, -m 0.600000 --at 0.600000 --rn 0.001000 --nr 0.005000
(6/18): 0.31872, 0.11383, -m 0.600000 --at 0.600000 --rn 0.010000 --nr 0.050000
(7/18): 0.29018, 0.00000, -m 0.750000 --at 0.400000 --rn 0.001000 --nr 0.005000
(8/18): 0.29926, 0.02633, -m 0.750000 --at 0.400000 --rn 0.010000 --nr 0.050000
(9/18): 0.29018, 0.00000, -m 0.750000 --at 0.500000 --rn 0.001000 --nr 0.005000
(10/18): 0.29300, 0.00983, -m 0.750000 --at 0.500000 --rn 0.010000 --nr 0.050000
(11/18): 0.29064, 0.00145, -m 0.750000 --at 0.600000 --rn 0.001000 --nr 0.005000
(12/18): 0.29728, 0.02987, -m 0.750000 --at 0.600000 --rn 0.010000 --nr 0.050000
(13/18): 0.28748, 0.00118, -m 0.900000 --at 0.400000 --rn 0.001000 --nr 0.005000
(14/18): 0.29038, 0.01495, -m 0.900000 --at 0.400000 --rn 0.010000 --nr 0.050000
(15/18): 0.28748, 0.00000, -m 0.900000 --at 0.500000 --rn 0.001000 --nr 0.005000
(16/18): 0.28910, 0.00505, -m 0.900000 --at 0.500000 --rn 0.010000 --nr 0.050000
(17/18): 0.28748, 0.00000, -m 0.900000 --at 0.600000 --rn 0.001000 --nr 0.005000
(18/18): 0.29112, 0.01456, -m 0.900000 --at 0.600000 --rn 0.010000 --nr 0.050000
----------------------------
Best coverage within FDR limit (0.050): 0.29926, 0.02633, -m 0.750000 --at 0.400000 --rn 0.010000 --nr 0.050000
----------------------------
Annotation Coverage: 0.2993 (14963 / 50000)
