----------------------------
Maximum repeat period: 1000
Number of model states: 20870
Total sequence window size: 7000
DP matrix cells: 146090000
Threads: 1
Sequence window queue length: 1
Total size: 0.54 GB (584367000 bytes)
----------------------------
*Actual memory usage will be slightly greater due to output repeat queue and repeat split matrices
============================
Performing parameter search...
Coverage, False Discovery Rate, Parameters
(1/18): 0.28010, 0.00000, -m 0.600000 --at 0.400000 --rn 0.001000 --nr 0.005000
(2/18): 0.32146, 0.08803, -m 0.600000 --at 0.400000 --rn 0.010000 --nr 0.050000
(3/18): 0.28002, 0.00000, -m 0.600000 --at 0.500000 --rn 0.001000 --nr 0.005000
(4/18): 0.29006, 0.00869, -m 0.600000 --at 0.500000 --rn 0.010000 --nr 0.050000
(5/18): 0.28762, 0.00000, -m 0.600000 --at 0.600000 --rn 0.001000 --nr 0.005000
(6/18): 0.31828, 0.10072, -m 0.600000 --at 0.600000 --rn 0.010000 --nr 0.050000
(7/18): 0.23583, 0.00000, -m 0.750000 --at 0.400000 --rn 0.001000 --nr 0.005000
(8/18): 0.24257, 0.05920, -m 0.750000 --at 0.400000 --rn 0.010000 --nr 0.050000
(9/18): 0.23065, 0.00000, -m 0.750000 --at 0.500000 --rn 0.001000 --nr 0.005000
(10/18): 0.23871, 0.01307, -m 0.750000 --at 0.500000 --rn 0.010000 --nr 0.050000
(11/18): 0.23757, 0.00210, -m 0.750000 --at 0.600000 --rn 0.001000 --nr 0.005000
(12/18): 0.25566, 0.02620, -m 0.750000 --at 0.600000 --rn 0.010000 --nr 0.050000
(13/18): 0.10375, 0.00000, -m 0.900000 --at 0.400000 --rn 0.001000 --nr 0.005000
(14/18): 0.12359, 0.07621, -m 0.900000 --at 0.400000 --rn 0.010000 --nr 0.050000
(15/18): 0.10303, 0.00000, -m 0.900000 --at 0.500000 --rn 0.001000 --nr 0.005000
(16/18): 0.11575, 0.02108, -m 0.900000 --at 0.500000 --rn 0.010000 --nr 0.050000
(17/18): 0.11173, 0.00000, -m 0.900000 --at 0.600000 --rn 0.001000 --nr 0.005000
(18/18): 0.15683, 0.01798, -m 0.900000 --at 0.600000 --rn 0.010000 --nr 0.050000
----------------------------
Best coverage within FDR limit (0.050): 0.29006, 0.00869, -m 0.600000 --at 0.500000 --rn 0.010000 --nr 0.050000
----------------------------
Annotation Coverage: 0.2901 (14504 / 50003)
