Config file config/config.yaml is extended by additional config specified via the command line.
Assuming unrestricted shared filesystem usage.
Building DAG of jobs...
Using shell: /bin/bash
Provided cores: 1 (use --cores to define parallelism)
Rules claiming more threads will be scaled down.
Job stats:
job                count
---------------  -------
HORdet                 1
all                    1
concatenateMons        1
concatenateWind        1
extractCons            1
extractMon             1
mon2bed                1
periodicity            1
selectWind             1
stringDec              1
uniqueMons             1
total                 11

Select jobs to execute...
Execute 1 jobs...

[Thu Sep 17 09:56:45 2026]
localrule periodicity:
    input: fasta/control.chr1.fasta
    output: results/wind_summary/control.chr1.txt, results/wind2analize/control.chr1.windows.bed
    jobid: 9
    reason: Missing output files: results/wind2analize/control.chr1.windows.bed
    wildcards: PREFIX=control, CHR=1
    resources: tmpdir=/private/tmp

Traceback (most recent call last):
  File "/private/tmp/tandemx_cendetecthor_20260916/pipeline/scripts/periodicityScript_full_fin.py", line 82, in <module>
    start = int(line[2])
                ~~~~^^^
IndexError: list index out of range
[Thu Sep 17 09:56:45 2026]
Error in rule periodicity:
    jobid: 9
    input: fasta/control.chr1.fasta
    output: results/wind_summary/control.chr1.txt, results/wind2analize/control.chr1.windows.bed
    shell:
        
		python /private/tmp/tandemx_cendetecthor_20260916/pipeline/scripts/periodicityScript_full_fin.py --fasta fasta/control.chr1.fasta --plot-fold results/plots/control_chr1/ --wind-summ results/wind_summary/control.chr1.txt --wind-bed results/wind2analize/control.chr1.windows.bed --window-size 1000 --kmer-size 10  
		
        (one of the commands exited with non-zero exit code; note that snakemake uses bash strict mode!)

Shutting down, this might take some time.
Exiting because a job execution failed. Look above for error message
Complete log: .snakemake/log/2026-09-17T095645.084314.snakemake.log
WorkflowError:
At least one job did not complete successfully.
