/opt/TRASH
TRASH will be run with /input/assembly.fa --def --o /output --par 1 --randomseed 6101 arguments
[1] "start"
[1] "2026-09-06 07:29:07 UTC"
[1] "attaching function from: /opt/TRASH/src/fn_circos.R"
[1] "attaching function from: /opt/TRASH/src/fn_consensus_N.R"
[1] "attaching function from: /opt/TRASH/src/fn_draw_scaffold_repeat_plots.R"
[1] "attaching function from: /opt/TRASH/src/fn_edit_distance.R"
[1] "attaching function from: /opt/TRASH/src/fn_export_gff.R"
[1] "attaching function from: /opt/TRASH/src/fn_extract_all_repeats.R"
[1] "attaching function from: /opt/TRASH/src/fn_extract_kmers.R"
[1] "attaching function from: /opt/TRASH/src/fn_hash_and_reverse.R"
[1] "attaching function from: /opt/TRASH/src/fn_HOR_wrapper.R"
[1] "attaching function from: /opt/TRASH/src/fn_kmer_compare.R"
[1] "attaching function from: /opt/TRASH/src/fn_movav.R"
[1] "attaching function from: /opt/TRASH/src/fn_new_distance_N.R"
[1] "attaching function from: /opt/TRASH/src/fn_plot_edit.R"
[1] "attaching function from: /opt/TRASH/src/fn_plot_rep.R"
[1] "attaching function from: /opt/TRASH/src/fn_repeat_identifier.R"
[1] "attaching function from: /opt/TRASH/src/fn_repetitiveness.R"
[1] "attaching function from: /opt/TRASH/src/fn_rev_comp_string.R"
[1] "/usr/local/lib/R/site-library"
[1] "/input/assembly.fa"
[1] "Currently registered parallel backend name, version and cores"
[1] "doParallelMC"
[1] "1.0.17"
[1] 1
[1] "Sequences to analyse:"
    file.name                 fasta.name
2 assembly.fa CP068268_39050443_39150442
[1] "2026-09-06 07:29:09 UTC"
[1] "Working on sequence 1"
[1] "Repeat Identification new"
[1] "/output"
[1] "assembly.fa"
[[1]]
NULL

          used (Mb) gc trigger  (Mb) max used  (Mb)
Ncells 3032675  162    5501657 293.9  5501657 293.9
Vcells 5233196   40   10146329  77.5 10146291  77.5
[1] "Finished working on sequence 1"
[1] "2026-09-06 07:29:41 UTC"
[1] "saving repeats"
[1] "/output"
[1] "./assembly.fa_out/Regions_assembly.fa_CP068268_39050443_39150442.csv"
[1] "start extract repeats from assembly.fa"
[1] "saving regions no:"
[1] 5
[1] "save region:"
[1] 1
[1] 22
[1] "save region:"
[1] 2
[1] 29
[1] "save region:"
[1] 3
[1] 62
[1] "save region:"
[1] 4
[1] 75
[1] "save region:"
[1] 5
[1] 167
[1] "Export gff function"
[1] "read repeats"
[1] "wrtiting repeats"
[1] "finished saving"
[1] "edit distance"
[1] "Available classes: "
[1] "no classes assigned to the repeats to calculate edit distance, stopping edit distance calculation"
          used  (Mb) gc trigger  (Mb) max used  (Mb)
Ncells 3034902 162.1    5501657 293.9  5501657 293.9
Vcells 5242257  40.0   10146329  77.5 10146291  77.5
[1] "Available classes: NA"
          used  (Mb) gc trigger  (Mb) max used  (Mb)
Ncells 3041997 162.5    5501657 293.9  5501657 293.9
Vcells 5260964  40.2   10146329  77.5 10146291  77.5
[1] "plotting"
[1] "circos"
[1] "identify chromosomes"
[1] "Identify main peaks"
[1] "Merge peaks"
[1] "export data"
[1] "Circos Plotting"
[1] "set sectors"
[1] "generate circos plot"
[1] "1"
[1] "2"
[1] "3"
[1] "4"
[1] "5"
[1] "genomic track"
[1] "leftover repeats"
[1] "assembly.fa plots done"
[1] "finished plotting"
[1] "TRASH finished, exiting"
          used  (Mb) gc trigger  (Mb) max used  (Mb)
Ncells 3085935 164.9    5501657 293.9  5501657 293.9
Vcells 5364457  41.0   10146329  77.5 10146291  77.5
